** Drc report for PocketLab-Card.kicad_pcb **
** Created on 2026-08-16T19:03:31 **
** Report includes: Errors, Warnings **

** Found 16 DRC violations **
[clearance]: Freiraum-Verstoß ( Freiraum 0,2000 mm; tatsächlich 0,1500 mm)
    Local override; error
    @(97.0000 mm, 51.9500 mm): Via [/USB_CONN_P] on F.Cu - B.Cu
    @(96.4000 mm, 52.4500 mm): Track [/USB_CONN_N] on F.Cu, length 2.1550 mm
[clearance]: Freiraum-Verstoß ( Freiraum 0,2000 mm; tatsächlich 0,1500 mm)
    Local override; error
    @(96.4000 mm, 51.4500 mm): Track [/USB_CONN_N] on F.Cu, length 2.1550 mm
    @(97.0000 mm, 50.9500 mm): Via [/USB_CONN_P] on F.Cu - B.Cu
[clearance]: Freiraum-Verstoß ( Freiraum 0,2000 mm; tatsächlich 0,1500 mm)
    Local override; error
    @(82.2125 mm, 43.5000 mm): Pad 1 [/U7_FB] of U7 on B.Cu
    @(82.2125 mm, 44.0000 mm): Pad 2 [/BOOST5_EN] of U7 on B.Cu
[clearance]: Freiraum-Verstoß ( Freiraum 0,2000 mm; tatsächlich 0,1500 mm)
    Local override; error
    @(89.2100 mm, 71.4700 mm): Pad 3 [/GND] of Q3 on B.Cu
    @(89.2100 mm, 70.8300 mm): Pad 4 [/BAT_COUT] of Q3 on B.Cu
[clearance]: Freiraum-Verstoß ( Freiraum 0,2000 mm; tatsächlich 0,1500 mm)
    Local override; error
    @(82.2125 mm, 44.5000 mm): Pad 3 [/VSYS] of U7 on B.Cu
    @(82.2125 mm, 44.0000 mm): Pad 2 [/BOOST5_EN] of U7 on B.Cu
[clearance]: Freiraum-Verstoß ( Freiraum 0,2000 mm; tatsächlich 0,1500 mm)
    Local override; error
    @(80.7875 mm, 44.0000 mm): Pad 5 [/U7_SW] of U7 on B.Cu
    @(80.7875 mm, 44.5000 mm): Pad 4 [/GND] of U7 on B.Cu
[clearance]: Freiraum-Verstoß ( Freiraum 0,2000 mm; tatsächlich 0,1500 mm)
    Local override; error
    @(80.7875 mm, 44.0000 mm): Pad 5 [/U7_SW] of U7 on B.Cu
    @(80.7875 mm, 43.5000 mm): Pad 6 [/+5V_RAW] of U7 on B.Cu
[clearance]: Freiraum-Verstoß ( Freiraum 0,2000 mm; tatsächlich 0,1500 mm)
    Local override; error
    @(96.6400 mm, 72.7700 mm): Pad 4 [/BAT_DOUT] of Q2 on B.Cu
    @(96.6400 mm, 72.1300 mm): Pad 3 [/CELL_NEG] of Q2 on B.Cu
[copper_edge_clearance]: Platinenkanten-Freiraum-Verstoß (Einschränkungen aus Platinenkonfiguration zum Rand Freiraum 0,5000 mm; tatsächlich 0,0000 mm)
    Rule: Einschränkungen aus Platinenkonfiguration zum Rand; error
    @(105.6000 mm, 23.1800 mm): Segment on Edge.Cuts
    @(105.4500 mm, 60.1000 mm): Pad MP [<no net>] of J4 on B.Cu
[lib_footprint_mismatch]: Footprint "ESP32-S3-WROOM-1_PhysicalCourtyard" stimmt nicht mit Kopie in Bibliothek "PocketLab_Card" überein.
    Local override; warning
    @(92.6000 mm, 32.7500 mm): Footprint U1
[lib_footprint_mismatch]: Footprint "USB_C_Receptacle_HRO_TYPE-C-31-M-12" stimmt nicht mit Kopie in Bibliothek "Connector_USB" überein.
    Local override; warning
    @(102.6000 mm, 51.7000 mm): Footprint J1
[lib_footprint_mismatch]: Footprint "EastRising_ER-OLED0.42-1W_SolderFPC" stimmt nicht mit Kopie in Bibliothek "PocketLab_Custom" überein.
    Local override; warning
    @(90.5500 mm, 58.5000 mm): Footprint J8
[lib_footprint_mismatch]: Footprint "SOT-23-6" stimmt nicht mit Kopie in Bibliothek "Package_TO_SOT_SMD" überein.
    Local override; warning
    @(103.8500 mm, 38.5000 mm): Footprint U19
[lib_footprint_mismatch]: Footprint "E07-900MM10S" stimmt nicht mit Kopie in Bibliothek "PocketLab_Custom" überein.
    Local override; warning
    @(73.0000 mm, 58.5000 mm): Footprint U3
[lib_footprint_mismatch]: Footprint "JST_PH_S2B-PH-SM4-TB_1x02-1MP_P2.00mm_Horizontal" stimmt nicht mit Kopie in Bibliothek "Connector_JST" überein.
    Local override; warning
    @(102.1000 mm, 63.0000 mm): Footprint J4
[copper_sliver]: Kupfersplitter (B.Cu)
    Local override; warning

** Found 159 unconnected pads **
[unconnected_items]: Missing connection between items
    Local override; error
    @(69.0000 mm, 65.7375 mm): Pad 3 [/IR_LED_K] of Q1 on F.Cu
    @(32.2500 mm, 66.4500 mm): Track [/IR_LED_K] on F.Cu, length 2.1213 mm
[unconnected_items]: Missing connection between items
    Local override; error
    @(66.9375 mm, 61.7000 mm): Pad 1 [/BOOST5_EN] of U20 on F.Cu
    @(82.2125 mm, 44.0000 mm): Pad 2 [/BOOST5_EN] of U7 on B.Cu
[unconnected_items]: Missing connection between items
    Local override; error
    @(72.1375 mm, 31.1250 mm): Pad 10 [/BOOST5_EN] of U18 on B.Cu
    @(82.2125 mm, 44.0000 mm): Pad 2 [/BOOST5_EN] of U7 on B.Cu
[unconnected_items]: Missing connection between items
    Local override; error
    @(82.2125 mm, 44.0000 mm): Pad 2 [/BOOST5_EN] of U7 on B.Cu
    @(88.8375 mm, 44.5000 mm): Pad 1 [/BOOST5_EN] of R122 on B.Cu
[unconnected_items]: Missing connection between items
    Local override; error
    @(66.9375 mm, 60.7500 mm): Pad 2 [/RGB_DATA] of U20 on F.Cu
    @(89.4250 mm, 45.2500 mm): Pad 18 [/RGB_DATA] of U1 on F.Cu
[unconnected_items]: Missing connection between items
    Local override; error
    @(64.6625 mm, 59.8000 mm): Pad 4 [/RGB_BUF_5V] of U20 on F.Cu
    @(91.7000 mm, 65.5750 mm): Pad 1 [/RGB_BUF_5V] of R605 on F.Cu
[unconnected_items]: Missing connection between items
    Local override; error
    @(62.0625 mm, 44.3500 mm): Pad 9 [/NFC_VMID] of U2 on F.Cu
    @(75.8125 mm, 58.7950 mm): Pad 1 [/NFC_VMID] of R306 on F.Cu
[unconnected_items]: Missing connection between items
    Local override; error
    @(63.4950 mm, 33.0250 mm): Pad 1 [/NFC_VMID] of C301 on F.Cu
    @(62.0625 mm, 44.3500 mm): Pad 9 [/NFC_VMID] of U2 on F.Cu
[unconnected_items]: Missing connection between items
    Local override; error
    @(77.6375 mm, 58.7950 mm): Pad 2 [/NFC_RX] of R306 on F.Cu
    @(82.0000 mm, 40.7750 mm): Pad 2 [/NFC_RX] of C318 on F.Cu
[unconnected_items]: Missing connection between items
    Local override; error
    @(82.0000 mm, 40.7750 mm): Pad 2 [/NFC_RX] of C318 on F.Cu
    @(62.0625 mm, 44.8500 mm): Pad 10 [/NFC_RX] of U2 on F.Cu
[unconnected_items]: Missing connection between items
    Local override; error
    @(73.6500 mm, 42.0500 mm): Pad 1 [/LF_RFID_EN] of U22 on F.Cu
    @(72.1375 mm, 31.7750 mm): Track [/LF_RFID_EN] on B.Cu, length 1.0000 mm
[unconnected_items]: Missing connection between items
    Local override; error
    @(68.2513 mm, 30.9500 mm): Pad 1 [/STRAP_BOOT_TP] of TP202 on F.Cu
    @(86.8850 mm, 45.2500 mm): Pad 16 [/STRAP_BOOT_TP] of U1 on F.Cu
[unconnected_items]: Missing connection between items
    Local override; error
    @(85.2125 mm, 43.3500 mm): Track [/SPI_MOSI] on F.Cu, length 0.7071 mm
    @(90.6950 mm, 45.2500 mm): Pad 19 [/SPI_MOSI] of U1 on F.Cu
[unconnected_items]: Missing connection between items
    Local override; error
    @(88.0625 mm, 51.4000 mm): Pad 1 [/SPI_MOSI] of R511 on F.Cu
    @(85.7125 mm, 43.8500 mm): Track [/SPI_MOSI] on B.Cu, length 3.5000 mm
[unconnected_items]: Missing connection between items
    Local override; error
    @(88.0625 mm, 51.4000 mm): Pad 1 [/SPI_MOSI] of R511 on F.Cu
    @(84.7000 mm, 65.5750 mm): Pad 1 [/SPI_MOSI] of R733 on F.Cu
[unconnected_items]: Missing connection between items
    Local override; error
    @(80.2500 mm, 59.7275 mm): Pad 3 [/SPI_MOSI_HDR] of U25 on B.Cu
    @(52.1900 mm, 72.0800 mm): PTH pad 26 [/SPI_MOSI_HDR] of J5
[unconnected_items]: Missing connection between items
    Local override; error
    @(86.3500 mm, 65.5750 mm): Pad 2 [/SPI_MOSI_HDR] of R733 on F.Cu
    @(80.2500 mm, 59.7275 mm): Pad 3 [/SPI_MOSI_HDR] of U25 on B.Cu
[unconnected_items]: Missing connection between items
    Local override; error
    @(72.3125 mm, 58.7950 mm): Pad 1 [/NFC_LOOP_A] of R305 on F.Cu
    @(73.4500 mm, 40.2750 mm): Track [/NFC_LOOP_A] on F.Cu, length 0.5500 mm
[unconnected_items]: Missing connection between items
    Local override; error
    @(72.9000 mm, 40.2750 mm): Track [/NFC_LOOP_A] on F.Cu, length 1.0250 mm
    @(47.9125 mm, 22.2000 mm): Track [/NFC_LOOP_A] on F.Cu, length 1.4000 mm
[unconnected_items]: Missing connection between items
    Local override; error
    @(42.1700 mm, 28.7500 mm): PTH pad 2 [/NFC_LOOP_B] of AE1
    @(75.0000 mm, 40.2750 mm): Track [/NFC_LOOP_B] on F.Cu, length 1.9500 mm
[unconnected_items]: Missing connection between items
    Local override; error
    @(38.5013 mm, 62.2000 mm): Pad 1 [/VBUS_FUSED] of TP106 on F.Cu
    @(91.6375 mm, 49.7500 mm): Track [/VBUS_FUSED] on B.Cu, length 1.0125 mm
[unconnected_items]: Missing connection between items
    Local override; error
    @(98.0875 mm, 63.6500 mm): Track [/PAIR_N] on B.Cu, length 3.0000 mm
    @(62.9750 mm, 35.7000 mm): Pad 2 [/PAIR_N] of R606 on F.Cu
[unconnected_items]: Missing connection between items
    Local override; error
    @(98.5550 mm, 52.9500 mm): Pad A5 [/USB_CC1] of J1 on F.Cu
    @(92.5000 mm, 51.1375 mm): Pad 4 [/USB_CC1] of U16 on F.Cu
[unconnected_items]: Missing connection between items
    Local override; error
    @(102.2950 mm, 71.1375 mm): Pad 1 [/USB_CC1] of R101 on B.Cu
    @(98.5550 mm, 52.9500 mm): Pad A5 [/USB_CC1] of J1 on F.Cu
[unconnected_items]: Missing connection between items
    Local override; error
    @(64.5950 mm, 30.8900 mm): Pad 1 [/GPIO48_MCU] of R721 on F.Cu
    @(98.3150 mm, 45.2500 mm): Pad 25 [/GPIO48_MCU] of U1 on F.Cu
[unconnected_items]: Missing connection between items
    Local override; error
    @(52.1900 mm, 67.0000 mm): PTH pad 14 [/GPIO48] of J5
    @(66.2450 mm, 30.8900 mm): Pad 2 [/GPIO48] of R721 on F.Cu
[unconnected_items]: Missing connection between items
    Local override; error
    @(48.0850 mm, 59.7500 mm): Pad 4 [/RGB_DIN1] of LED1 on F.Cu
    @(93.3500 mm, 65.5750 mm): Pad 2 [/RGB_DIN1] of R605 on F.Cu
[unconnected_items]: Missing connection between items
    Local override; error
    @(53.9150 mm, 21.8200 mm): Pad 1 [/GPIO47_MCU] of R720 on F.Cu
    @(97.0450 mm, 45.2500 mm): Pad 24 [/GPIO47_MCU] of U1 on F.Cu
[unconnected_items]: Missing connection between items
    Local override; error
    @(49.6500 mm, 67.0000 mm): PTH pad 13 [/GPIO47] of J5
    @(55.5650 mm, 21.8200 mm): Pad 2 [/GPIO47] of R720 on F.Cu
[unconnected_items]: Missing connection between items
    Local override; error
    @(93.6500 mm, 67.3750 mm): Pad 2 [/U6_PS_SYNC] of SW5 on F.Cu
    @(68.1750 mm, 43.2500 mm): Track [/U6_PS_SYNC] on B.Cu, length 0.6439 mm
[unconnected_items]: Missing connection between items
    Local override; error
    @(70.3000 mm, 40.2875 mm): Pad 2 [/PWR_SW_ON] of R116 on B.Cu
    @(95.1500 mm, 67.3750 mm): Pad 3 [/PWR_SW_ON] of SW5 on F.Cu
[unconnected_items]: Missing connection between items
    Local override; error
    @(41.5000 mm, 64.2750 mm): Pad 1 [/GPIO43_MCU] of R718 on F.Cu
    @(101.3500 mm, 31.3000 mm): Pad 37 [/GPIO43_MCU] of U1 on F.Cu
[unconnected_items]: Missing connection between items
    Local override; error
    @(43.1500 mm, 64.2750 mm): Pad 2 [/GPIO43] of R718 on F.Cu
    @(59.8100 mm, 64.4600 mm): PTH pad 11 [/GPIO43] of J5
[unconnected_items]: Missing connection between items
    Local override; error
    @(74.6000 mm, 56.9125 mm): Pad 1 [/SUBGHZ_CS_N] of R404 on F.Cu
    @(94.5050 mm, 45.2500 mm): Pad 22 [/SUBGHZ_CS_N] of U1 on F.Cu
[unconnected_items]: Missing connection between items
    Local override; error
    @(24.9250 mm, 21.8200 mm): Pad 1 [/GPIO8_MCU] of R713 on F.Cu
    @(83.8500 mm, 41.4600 mm): Pad 12 [/GPIO8_MCU] of U1 on F.Cu
[unconnected_items]: Missing connection between items
    Local override; error
    @(26.5750 mm, 21.8200 mm): Pad 2 [/GPIO8] of R713 on F.Cu
    @(62.3500 mm, 61.9200 mm): PTH pad 6 [/GPIO8] of J5
[unconnected_items]: Missing connection between items
    Local override; error
    @(42.3275 mm, 21.8200 mm): Pad 1 [/SD_DAT1] of R518 on F.Cu
    @(104.5500 mm, 34.4550 mm): Pad 8 [/SD_DAT1] of J2 on B.Cu
[unconnected_items]: Missing connection between items
    Local override; error
    @(62.0625 mm, 42.3500 mm): Pad 5 [/NFC_DVDD] of U2 on F.Cu
    @(63.2500 mm, 39.6625 mm): Pad 39 [/NFC_DVDD] of U2 on F.Cu
[unconnected_items]: Missing connection between items
    Local override; error
    @(63.2500 mm, 39.6625 mm): Pad 39 [/NFC_DVDD] of U2 on F.Cu
    @(69.4950 mm, 43.0250 mm): Pad 1 [/NFC_DVDD] of C313 on F.Cu
[unconnected_items]: Missing connection between items
    Local override; error
    @(69.4950 mm, 43.0250 mm): Pad 1 [/NFC_DVDD] of C313 on F.Cu
    @(75.7950 mm, 51.0250 mm): Pad 1 [/NFC_DVDD] of C315 on F.Cu
[unconnected_items]: Missing connection between items
    Local override; error
    @(73.4950 mm, 38.0250 mm): Pad 1 [/NFC_DVDD] of C304 on F.Cu
    @(69.4950 mm, 43.0250 mm): Pad 1 [/NFC_DVDD] of C313 on F.Cu
[unconnected_items]: Missing connection between items
    Local override; error
    @(75.7950 mm, 51.0250 mm): Pad 1 [/NFC_DVDD] of C315 on F.Cu
    @(78.6375 mm, 56.2950 mm): Pad 2 [/NFC_DVDD] of R301 on F.Cu
[unconnected_items]: Missing connection between items
    Local override; error
    @(78.9950 mm, 36.0250 mm): Pad 1 [/NFC_DVDD] of C302 on F.Cu
    @(73.4950 mm, 38.0250 mm): Pad 1 [/NFC_DVDD] of C304 on F.Cu
[unconnected_items]: Missing connection between items
    Local override; error
    @(88.8950 mm, 47.0250 mm): Pad 1 [/NFC_DVDD] of C314 on F.Cu
    @(75.7950 mm, 51.0250 mm): Pad 1 [/NFC_DVDD] of C315 on F.Cu
[unconnected_items]: Missing connection between items
    Local override; error
    @(38.5875 mm, 22.2000 mm): Pad 1 [/NFC_TX2_F] of R304 on F.Cu
    @(65.0000 mm, 35.9375 mm): Pad 2 [/NFC_TX2_F] of L302 on F.Cu
[unconnected_items]: Missing connection between items
    Local override; error
    @(65.0000 mm, 35.9375 mm): Pad 2 [/NFC_TX2_F] of L302 on F.Cu
    @(67.2250 mm, 33.0000 mm): Pad 1 [/NFC_TX2_F] of C309 on F.Cu
[unconnected_items]: Missing connection between items
    Local override; error
    @(76.3500 mm, 43.9500 mm): Pad 4 [/SPI_MISO] of U22 on F.Cu
    @(93.2350 mm, 45.2500 mm): Pad 21 [/SPI_MISO] of U1 on F.Cu
[unconnected_items]: Missing connection between items
    Local override; error
    @(88.2000 mm, 65.5750 mm): Pad 1 [/SPI_MISO] of R734 on F.Cu
    @(93.2350 mm, 45.2500 mm): Pad 21 [/SPI_MISO] of U1 on F.Cu
[unconnected_items]: Missing connection between items
    Local override; error
    @(32.8275 mm, 21.8200 mm): Pad 1 [/SD_MISO] of R517 on F.Cu
    @(102.7250 mm, 35.9050 mm): Track [/SD_MISO] on F.Cu, length 1.0000 mm
[unconnected_items]: Missing connection between items
    Local override; error
    @(82.1500 mm, 59.7275 mm): Pad 1 [/SPI_MISO_HDR] of U25 on B.Cu
    @(54.7300 mm, 72.0800 mm): PTH pad 27 [/SPI_MISO_HDR] of J5
[unconnected_items]: Missing connection between items
    Local override; error
    @(89.8500 mm, 65.5750 mm): Pad 2 [/SPI_MISO_HDR] of R734 on F.Cu
    @(82.1500 mm, 59.7275 mm): Pad 1 [/SPI_MISO_HDR] of U25 on B.Cu
[unconnected_items]: Missing connection between items
    Local override; error
    @(85.9000 mm, 59.4750 mm): Pad 10 [/ESP_EN] of J8 on F.Cu
    @(74.0500 mm, 47.2000 mm): Track [/ESP_EN] on F.Cu, length 0.8017 mm
[unconnected_items]: Missing connection between items
    Local override; error
    @(63.7000 mm, 58.0750 mm): Pad 1 [/I2C_SDA] of R730 on F.Cu
    @(67.9375 mm, 41.3500 mm): Pad 28 [/I2C_SDA] of U2 on F.Cu
[unconnected_items]: Missing connection between items
    Local override; error
    @(63.7000 mm, 58.0750 mm): Pad 1 [/I2C_SDA] of R730 on F.Cu
    @(43.2250 mm, 68.1550 mm): Track [/I2C_SDA] on B.Cu, length 1.3697 mm
[unconnected_items]: Missing connection between items
    Local override; error
    @(63.7000 mm, 58.0750 mm): Pad 1 [/I2C_SDA] of R730 on F.Cu
    @(85.9000 mm, 61.4250 mm): Pad 13 [/I2C_SDA] of J8 on F.Cu
[unconnected_items]: Missing connection between items
    Local override; error
    @(67.9375 mm, 41.3500 mm): Pad 28 [/I2C_SDA] of U2 on F.Cu
    @(72.5000 mm, 34.9875 mm): Pad 14 [/I2C_SDA] of U10 on B.Cu
[unconnected_items]: Missing connection between items
    Local override; error
    @(69.2000 mm, 28.9125 mm): Pad 1 [/I2C_SDA] of R701 on B.Cu
    @(61.1375 mm, 28.0750 mm): Pad 23 [/I2C_SDA] of U9 on B.Cu
[unconnected_items]: Missing connection between items
    Local override; error
    @(72.5000 mm, 34.9875 mm): Pad 14 [/I2C_SDA] of U10 on B.Cu
    @(69.4500 mm, 29.1625 mm): Track [/I2C_SDA] on PWR, length 2.1213 mm
[unconnected_items]: Missing connection between items
    Local override; error
    @(78.7625 mm, 35.7000 mm): Pad 4 [/I2C_SDA] of U11 on B.Cu
    @(72.5000 mm, 34.9875 mm): Pad 14 [/I2C_SDA] of U10 on B.Cu
[unconnected_items]: Missing connection between items
    Local override; error
    @(81.0125 mm, 35.7500 mm): Pad 8 [/I2C_SDA] of U8 on B.Cu
    @(78.7625 mm, 35.7000 mm): Pad 4 [/I2C_SDA] of U11 on B.Cu
[unconnected_items]: Missing connection between items
    Local override; error
    @(81.0125 mm, 35.7500 mm): Pad 8 [/I2C_SDA] of U8 on B.Cu
    @(83.8500 mm, 32.5700 mm): Pad 5 [/I2C_SDA] of U1 on F.Cu
[unconnected_items]: Missing connection between items
    Local override; error
    @(44.4750 mm, 68.8650 mm): Pad 6 [/I2C_SCL] of U12 on B.Cu
    @(77.7000 mm, 65.0750 mm): Pad 1 [/I2C_SCL] of R731 on F.Cu
[unconnected_items]: Missing connection between items
    Local override; error
    @(67.9375 mm, 41.8500 mm): Pad 27 [/I2C_SCL] of U2 on F.Cu
    @(72.0000 mm, 34.9875 mm): Pad 13 [/I2C_SCL] of U10 on B.Cu
[unconnected_items]: Missing connection between items
    Local override; error
    @(69.2000 mm, 32.7125 mm): Pad 1 [/I2C_SCL] of R702 on B.Cu
    @(61.1375 mm, 28.7250 mm): Pad 22 [/I2C_SCL] of U9 on B.Cu
[unconnected_items]: Missing connection between items
    Local override; error
    @(72.0000 mm, 34.9875 mm): Pad 13 [/I2C_SCL] of U10 on B.Cu
    @(69.2000 mm, 32.7125 mm): Pad 1 [/I2C_SCL] of R702 on B.Cu
[unconnected_items]: Missing connection between items
    Local override; error
    @(72.1375 mm, 28.5250 mm): Pad 14 [/I2C_SCL] of U18 on B.Cu
    @(69.2000 mm, 32.7125 mm): Pad 1 [/I2C_SCL] of R702 on B.Cu
[unconnected_items]: Missing connection between items
    Local override; error
    @(77.7000 mm, 65.0750 mm): Pad 1 [/I2C_SCL] of R731 on F.Cu
    @(85.9000 mm, 60.7750 mm): Pad 12 [/I2C_SCL] of J8 on F.Cu
[unconnected_items]: Missing connection between items
    Local override; error
    @(78.2500 mm, 34.9375 mm): Pad 2 [/I2C_SCL] of U11 on B.Cu
    @(81.0125 mm, 36.2500 mm): Pad 7 [/I2C_SCL] of U8 on B.Cu
[unconnected_items]: Missing connection between items
    Local override; error
    @(78.2500 mm, 34.9375 mm): Pad 2 [/I2C_SCL] of U11 on B.Cu
    @(72.0000 mm, 34.9875 mm): Pad 13 [/I2C_SCL] of U10 on B.Cu
[unconnected_items]: Missing connection between items
    Local override; error
    @(81.0125 mm, 36.2500 mm): Pad 7 [/I2C_SCL] of U8 on B.Cu
    @(85.9000 mm, 60.7750 mm): Pad 12 [/I2C_SCL] of J8 on F.Cu
[unconnected_items]: Missing connection between items
    Local override; error
    @(83.8500 mm, 33.8400 mm): Pad 6 [/I2C_SCL] of U1 on F.Cu
    @(81.0125 mm, 36.2500 mm): Pad 7 [/I2C_SCL] of U8 on B.Cu
[unconnected_items]: Missing connection between items
    Local override; error
    @(67.9375 mm, 42.8500 mm): Pad 25 [/NFC_IRQ_N] of U2 on F.Cu
    @(83.8500 mm, 35.1100 mm): Pad 7 [/NFC_IRQ_N] of U1 on F.Cu
[unconnected_items]: Missing connection between items
    Local override; error
    @(73.0000 mm, 53.2500 mm): Pad 18 [/SUBGHZ_GDO0] of U3 on B.Cu
    @(83.8500 mm, 36.3800 mm): Pad 8 [/SUBGHZ_GDO0] of U1 on F.Cu
[unconnected_items]: Missing connection between items
    Local override; error
    @(61.4213 mm, 33.4900 mm): Pad 1 [/JTAG_STRAP_TP] of TP201 on F.Cu
    @(85.6150 mm, 45.2500 mm): Pad 15 [/JTAG_STRAP_TP] of U1 on F.Cu
[unconnected_items]: Missing connection between items
    Local override; error
    @(28.9250 mm, 21.8200 mm): Pad 1 [/BOARD_TEMP_ADC] of R714 on F.Cu
    @(80.3750 mm, 53.2500 mm): Pad 2 [/BOARD_TEMP_ADC] of R736 on B.Cu
[unconnected_items]: Missing connection between items
    Local override; error
    @(88.1550 mm, 45.2500 mm): Pad 17 [/BOARD_TEMP_ADC] of U1 on F.Cu
    @(80.3750 mm, 53.2500 mm): Pad 2 [/BOARD_TEMP_ADC] of R736 on B.Cu
[unconnected_items]: Missing connection between items
    Local override; error
    @(82.2000 mm, 46.8875 mm): Pad 1 [/SPI_SCK] of R512 on F.Cu
    @(74.7875 mm, 41.1500 mm): Track [/SPI_SCK] on F.Cu, length 3.5000 mm
[unconnected_items]: Missing connection between items
    Local override; error
    @(82.2000 mm, 46.8875 mm): Pad 1 [/SPI_SCK] of R512 on F.Cu
    @(91.9650 mm, 45.2500 mm): Pad 20 [/SPI_SCK] of U1 on F.Cu
[unconnected_items]: Missing connection between items
    Local override; error
    @(61.4513 mm, 29.4300 mm): Pad 1 [/STRAP_VDD_SPI_TP] of TP203 on F.Cu
    @(99.5850 mm, 45.2500 mm): Pad 26 [/STRAP_VDD_SPI_TP] of U1 on F.Cu
[unconnected_items]: Missing connection between items
    Local override; error
    @(38.1125 mm, 64.4950 mm): Pad 1 [/BOOT_N] of R204 on F.Cu
    @(75.9500 mm, 47.2000 mm): Pad 1 [/BOOT_N] of SW2 on F.Cu
[unconnected_items]: Missing connection between items
    Local override; error
    @(101.3500 mm, 44.0000 mm): Pad 27 [/BOOT_N] of U1 on F.Cu
    @(80.4500 mm, 44.4500 mm): Track [/BOOT_N] on F.Cu, length 0.9014 mm
[unconnected_items]: Missing connection between items
    Local override; error
    @(66.2000 mm, 65.7125 mm): Pad 1 [/IR_TX] of R602 on F.Cu
    @(101.3500 mm, 41.4600 mm): Pad 29 [/IR_TX] of U1 on F.Cu
[unconnected_items]: Missing connection between items
    Local override; error
    @(63.6350 mm, 23.0500 mm): Pad 3 [/IR_RX] of U13 on F.Cu
    @(101.3500 mm, 40.1900 mm): Pad 30 [/IR_RX] of U1 on F.Cu
[unconnected_items]: Missing connection between items
    Local override; error
    @(62.9750 mm, 37.3500 mm): Pad 1 [/GPIO38_MCU] of R606 on F.Cu
    @(101.3500 mm, 38.9200 mm): Pad 31 [/GPIO38_MCU] of U1 on F.Cu
[unconnected_items]: Missing connection between items
    Local override; error
    @(66.8625 mm, 27.4250 mm): Pad 1 [/IOEXP_INT_N] of U9 on B.Cu
    @(72.1375 mm, 29.1750 mm): Pad 13 [/IOEXP_INT_N] of U18 on B.Cu
[unconnected_items]: Missing connection between items
    Local override; error
    @(72.1375 mm, 29.1750 mm): Pad 13 [/IOEXP_INT_N] of U18 on B.Cu
    @(101.3500 mm, 37.6500 mm): Pad 32 [/IOEXP_INT_N] of U1 on F.Cu
[unconnected_items]: Missing connection between items
    Local override; error
    @(97.7000 mm, 46.4000 mm): Track [/VBUS_USB] on B.Cu, length 1.4000 mm
    @(57.5473 mm, 22.3460 mm): Pad 1 [/VBUS_USB] of TP105 on F.Cu
[unconnected_items]: Missing connection between items
    Local override; error
    @(66.6375 mm, 38.7950 mm): Pad 1 [/USB_SHIELD] of R103 on B.Cu
    @(99.4700 mm, 47.3800 mm): PTH pad SH [/USB_SHIELD] of J1
[unconnected_items]: Missing connection between items
    Local override; error
    @(32.2500 mm, 63.4700 mm): PTH pad 2 [/IR_LED_A2] of D2
    @(70.4875 mm, 28.0250 mm): Pad 2 [/IR_LED_A2] of R610 on F.Cu
[unconnected_items]: Missing connection between items
    Local override; error
    @(61.0000 mm, 38.0625 mm): Pad 1 [/NFC_TX1] of L301 on F.Cu
    @(62.0625 mm, 41.8500 mm): Pad 4 [/NFC_TX1] of U2 on F.Cu
[unconnected_items]: Missing connection between items
    Local override; error
    @(46.0875 mm, 22.2000 mm): Pad 1 [/NFC_TX1_F] of R303 on F.Cu
    @(61.0000 mm, 35.9375 mm): Pad 2 [/NFC_TX1_F] of L301 on F.Cu
[unconnected_items]: Missing connection between items
    Local override; error
    @(61.0000 mm, 35.9375 mm): Pad 2 [/NFC_TX1_F] of L301 on F.Cu
    @(67.2250 mm, 36.0000 mm): Pad 1 [/NFC_TX1_F] of C308 on F.Cu
[unconnected_items]: Missing connection between items
    Local override; error
    @(74.1375 mm, 58.7950 mm): Pad 2 [/NFC_RX_AC] of R305 on F.Cu
    @(80.4500 mm, 40.7750 mm): Pad 1 [/NFC_RX_AC] of C318 on F.Cu
[unconnected_items]: Missing connection between items
    Local override; error
    @(54.7300 mm, 64.4600 mm): PTH pad 9 [/GPIO41] of J5
    @(100.2500 mm, 59.8250 mm): Pad 2 [/GPIO41] of R716 on F.Cu
[unconnected_items]: Missing connection between items
    Local override; error
    @(66.8625 mm, 29.3750 mm): Pad 4 [/SD_DETECT_N] of U9 on B.Cu
    @(94.7000 mm, 44.7400 mm): Pad 10 [/SD_DETECT_N] of J2 on B.Cu
[unconnected_items]: Missing connection between items
    Local override; error
    @(45.3500 mm, 64.1375 mm): Pad 1 [/I2C_SDA_HDR] of U24 on F.Cu
    @(59.8100 mm, 69.5400 mm): PTH pad 23 [/I2C_SDA_HDR] of J5
[unconnected_items]: Missing connection between items
    Local override; error
    @(59.8100 mm, 69.5400 mm): PTH pad 23 [/I2C_SDA_HDR] of J5
    @(65.3500 mm, 58.0750 mm): Pad 2 [/I2C_SDA_HDR] of R730 on F.Cu
[unconnected_items]: Missing connection between items
    Local override; error
    @(64.8000 mm, 50.8500 mm): Track [/USER_BUTTON_SELECT_N] on F.Cu, length 1.9039 mm
    @(66.8625 mm, 33.9250 mm): Pad 11 [/USER_BUTTON_SELECT_N] of U9 on B.Cu
[unconnected_items]: Missing connection between items
    Local override; error
    @(59.1375 mm, 57.7950 mm): Pad 1 [/SD_MOSI] of R516 on B.Cu
    @(86.2375 mm, 51.4000 mm): Pad 2 [/SD_MOSI] of R511 on F.Cu
[unconnected_items]: Missing connection between items
    Local override; error
    @(104.5500 mm, 39.9050 mm): Pad 3 [/SD_MOSI] of J2 on B.Cu
    @(86.2375 mm, 51.4000 mm): Pad 2 [/SD_MOSI] of R511 on F.Cu
[unconnected_items]: Missing connection between items
    Local override; error
    @(85.9000 mm, 63.3750 mm): Pad 16 [/OLED_VCC] of J8 on F.Cu
    @(80.8500 mm, 63.6000 mm): Track [/OLED_VCC] on B.Cu, length 1.7804 mm
[unconnected_items]: Missing connection between items
    Local override; error
    @(62.0625 mm, 40.8500 mm): Pad 2 [/NFC_LOADMOD] of U2 on F.Cu
    @(84.0473 mm, 51.0460 mm): Pad 1 [/NFC_LOADMOD] of TP301 on F.Cu
[unconnected_items]: Missing connection between items
    Local override; error
    @(62.0625 mm, 42.8500 mm): Pad 6 [/NFC_TX2] of U2 on F.Cu
    @(65.0000 mm, 38.0625 mm): Pad 1 [/NFC_TX2] of L302 on F.Cu
[unconnected_items]: Missing connection between items
    Local override; error
    @(63.7500 mm, 39.6625 mm): Pad 38 [/NFC_RESET_N] of U2 on F.Cu
    @(68.8125 mm, 58.7950 mm): Pad 1 [/NFC_RESET_N] of R302 on F.Cu
[unconnected_items]: Missing connection between items
    Local override; error
    @(77.8625 mm, 31.1250 mm): Pad 7 [/NFC_RESET_N] of U18 on B.Cu
    @(63.7500 mm, 39.6625 mm): Pad 38 [/NFC_RESET_N] of U2 on F.Cu
[unconnected_items]: Missing connection between items
    Local override; error
    @(57.2700 mm, 64.4600 mm): PTH pad 10 [/GPIO42] of J5
    @(102.5000 mm, 59.8250 mm): Pad 2 [/GPIO42] of R717 on F.Cu
[unconnected_items]: Missing connection between items
    Local override; error
    @(80.5375 mm, 38.9200 mm): Pad 2 [/SD_CS_DEV] of R510 on F.Cu
    @(65.0000 mm, 58.7125 mm): Pad 1 [/SD_CS_DEV] of R515 on B.Cu
[unconnected_items]: Missing connection between items
    Local override; error
    @(102.9000 mm, 39.6375 mm): Pad 1 [/SD_CS_DEV] of U19 on F.Cu
    @(80.5375 mm, 38.9200 mm): Pad 2 [/SD_CS_DEV] of R510 on F.Cu
[unconnected_items]: Missing connection between items
    Local override; error
    @(104.5500 mm, 41.0050 mm): Pad 2 [/SD_CS_DEV] of J2 on B.Cu
    @(102.9000 mm, 39.6375 mm): Pad 1 [/SD_CS_DEV] of U19 on F.Cu
[unconnected_items]: Missing connection between items
    Local override; error
    @(82.2000 mm, 48.7125 mm): Pad 2 [/SD_SCK] of R512 on F.Cu
    @(104.5500 mm, 37.7050 mm): Pad 5 [/SD_SCK] of J2 on B.Cu
[unconnected_items]: Missing connection between items
    Local override; error
    @(30.5750 mm, 21.8200 mm): Pad 2 [/BOARD_TEMP_HDR] of R714 on F.Cu
    @(49.6500 mm, 64.4600 mm): PTH pad 7 [/BOARD_TEMP_HDR] of J5
[unconnected_items]: Missing connection between items
    Local override; error
    @(32.2500 mm, 57.0500 mm): PTH pad 2 [/IR_LED_A1] of D1
    @(75.0000 mm, 64.6125 mm): Pad 2 [/IR_LED_A1] of R601 on F.Cu
[unconnected_items]: Missing connection between items
    Local override; error
    @(49.6500 mm, 72.0800 mm): PTH pad 25 [/SPI_SCK_HDR] of J5
    @(78.5000 mm, 62.9250 mm): Track [/SPI_SCK_HDR] on B.Cu, length 1.7678 mm
[unconnected_items]: Missing connection between items
    Local override; error
    @(54.7300 mm, 61.9200 mm): PTH pad 3 [/GPIO1] of J5
    @(103.8250 mm, 27.7500 mm): Pad 2 [/GPIO1] of R710 on B.Cu
[unconnected_items]: Missing connection between items
    Local override; error
    @(57.2700 mm, 61.9200 mm): PTH pad 4 [/GPIO2] of J5
    @(98.6750 mm, 27.7500 mm): Pad 2 [/GPIO2] of R711 on B.Cu
[unconnected_items]: Missing connection between items
    Local override; error
    @(59.8100 mm, 61.9200 mm): PTH pad 5 [/GPIO4] of J5
    @(88.7500 mm, 28.1750 mm): Pad 2 [/GPIO4] of R712 on B.Cu
[unconnected_items]: Missing connection between items
    Local override; error
    @(52.1900 mm, 64.4600 mm): PTH pad 8 [/GPIO40] of J5
    @(95.1750 mm, 27.7500 mm): Pad 2 [/GPIO40] of R715 on B.Cu
[unconnected_items]: Missing connection between items
    Local override; error
    @(62.3500 mm, 64.4600 mm): PTH pad 12 [/GPIO44] of J5
    @(98.0000 mm, 59.8250 mm): Pad 2 [/GPIO44] of R719 on F.Cu
[unconnected_items]: Missing connection between items
    Local override; error
    @(54.7300 mm, 67.0000 mm): PTH pad 15 [/EX0] of J5
    @(67.4250 mm, 21.8200 mm): Pad 2 [/EX0] of R722 on B.Cu
[unconnected_items]: Missing connection between items
    Local override; error
    @(57.2700 mm, 67.0000 mm): PTH pad 16 [/EX1] of J5
    @(63.7250 mm, 21.8200 mm): Pad 2 [/EX1] of R723 on B.Cu
[unconnected_items]: Missing connection between items
    Local override; error
    @(58.3750 mm, 21.8200 mm): Pad 2 [/EX2] of R724 on B.Cu
    @(59.8100 mm, 67.0000 mm): PTH pad 17 [/EX2] of J5
[unconnected_items]: Missing connection between items
    Local override; error
    @(54.6750 mm, 21.8200 mm): Pad 2 [/EX3] of R725 on B.Cu
    @(62.3500 mm, 67.0000 mm): PTH pad 18 [/EX3] of J5
[unconnected_items]: Missing connection between items
    Local override; error
    @(49.6500 mm, 69.5400 mm): PTH pad 19 [/EX4] of J5
    @(50.9750 mm, 21.8200 mm): Pad 2 [/EX4] of R726 on B.Cu
[unconnected_items]: Missing connection between items
    Local override; error
    @(47.2750 mm, 21.8200 mm): Pad 2 [/EX5] of R727 on B.Cu
    @(52.1900 mm, 69.5400 mm): PTH pad 20 [/EX5] of J5
[unconnected_items]: Missing connection between items
    Local override; error
    @(43.5750 mm, 21.8200 mm): Pad 2 [/EX6] of R728 on B.Cu
    @(54.7300 mm, 69.5400 mm): PTH pad 21 [/EX6] of J5
[unconnected_items]: Missing connection between items
    Local override; error
    @(39.8750 mm, 21.8200 mm): Pad 2 [/EX7] of R729 on B.Cu
    @(57.2700 mm, 69.5400 mm): PTH pad 22 [/EX7] of J5
[unconnected_items]: Missing connection between items
    Local override; error
    @(57.2700 mm, 72.0800 mm): PTH pad 28 [/CHG_TS] of J5
    @(85.6450 mm, 58.7950 mm): Pad 1 [/CHG_TS] of SJ1 on B.Cu
[unconnected_items]: Missing connection between items
    Local override; error
    @(85.6450 mm, 58.7950 mm): Pad 1 [/CHG_TS] of SJ1 on B.Cu
    @(90.9500 mm, 51.9375 mm): Pad 1 [/CHG_TS] of U5 on B.Cu
[unconnected_items]: Missing connection between items
    Local override; error
    @(55.2500 mm, 59.8250 mm): Pad 1 [/USER_BUTTON_A_N] of R608 on B.Cu
    @(53.0500 mm, 54.3500 mm): Pad 1 [/USER_BUTTON_A_N] of SW3 on F.Cu
[unconnected_items]: Missing connection between items
    Local override; error
    @(72.1375 mm, 30.4750 mm): Pad 11 [/USER_BUTTON_A_N] of U18 on B.Cu
    @(53.0500 mm, 54.3500 mm): Pad 1 [/USER_BUTTON_A_N] of SW3 on F.Cu
[unconnected_items]: Missing connection between items
    Local override; error
    @(78.0473 mm, 61.3460 mm): Pad 1 [/CELL_NEG] of TP102 on F.Cu
    @(86.4250 mm, 66.0000 mm): Track [/CELL_NEG] on B.Cu, length 0.8962 mm
[unconnected_items]: Missing connection between items
    Local override; error
    @(82.6500 mm, 39.3000 mm): Pad 1 [/CELL_POS] of C120 on B.Cu
    @(82.9875 mm, 36.7500 mm): Pad 3 [/CELL_POS] of U8 on B.Cu
[unconnected_items]: Missing connection between items
    Local override; error
    @(82.9875 mm, 36.7500 mm): Pad 3 [/CELL_POS] of U8 on B.Cu
    @(36.5473 mm, 22.3460 mm): Pad 1 [/CELL_POS] of TP101 on F.Cu
[unconnected_items]: Missing connection between items
    Local override; error
    @(89.9500 mm, 51.9375 mm): Track [/CELL_POS] on B.Cu, length 1.0625 mm
    @(82.6500 mm, 39.3000 mm): Pad 1 [/CELL_POS] of C120 on B.Cu
[unconnected_items]: Missing connection between items
    Local override; error
    @(91.9125 mm, 65.6000 mm): Pad 1 [/CELL_POS] of R104 on B.Cu
    @(96.8500 mm, 59.2000 mm): Track [/CELL_POS] on F.Cu, length 1.7500 mm
[unconnected_items]: Missing connection between items
    Local override; error
    @(65.8250 mm, 40.8000 mm): Track [/VSYS] on B.Cu, length 3.0439 mm
    @(41.0013 mm, 62.2000 mm): Pad 1 [/VSYS] of TP107 on F.Cu
[unconnected_items]: Missing connection between items
    Local override; error
    @(66.5000 mm, 42.6000 mm): Track [/VSYS] on B.Cu, length 1.9224 mm
    @(70.3000 mm, 42.1125 mm): Pad 1 [/VSYS] of R116 on B.Cu
[unconnected_items]: Missing connection between items
    Local override; error
    @(75.3500 mm, 44.0000 mm): Track [/VSYS] on B.Cu, length 2.2500 mm
    @(70.3000 mm, 42.1125 mm): Pad 1 [/VSYS] of R116 on B.Cu
[unconnected_items]: Missing connection between items
    Local override; error
    @(82.2125 mm, 44.5000 mm): Track [/VSYS] on B.Cu, length 0.8000 mm
    @(81.6950 mm, 29.8250 mm): Pad 1 [/VSYS] of C109 on B.Cu
[unconnected_items]: Missing connection between items
    Local override; error
    @(65.0500 mm, 54.3500 mm): Pad 1 [/USER_BUTTON_B_N] of SW4 on F.Cu
    @(72.1375 mm, 29.8250 mm): Pad 12 [/USER_BUTTON_B_N] of U18 on B.Cu
[unconnected_items]: Missing connection between items
    Local override; error
    @(65.6375 mm, 50.2950 mm): Pad 1 [/BQ_EN1] of R115 on B.Cu
    @(88.7625 mm, 50.7500 mm): Pad 6 [/BQ_EN1] of U5 on B.Cu
[unconnected_items]: Missing connection between items
    Local override; error
    @(88.7625 mm, 50.7500 mm): Pad 6 [/BQ_EN1] of U5 on B.Cu
    @(77.8625 mm, 29.1750 mm): Pad 4 [/BQ_EN1] of U18 on B.Cu
[unconnected_items]: Missing connection between items
    Local override; error
    @(99.1375 mm, 37.3500 mm): Track [/AUX5_FAULT_N] on B.Cu, length 11.0518 mm
    @(66.8625 mm, 31.3250 mm): Pad 7 [/AUX5_FAULT_N] of U9 on B.Cu
[unconnected_items]: Missing connection between items
    Local override; error
    @(88.7625 mm, 51.2500 mm): Pad 5 [/BQ_EN2] of U5 on B.Cu
    @(91.5125 mm, 32.0000 mm): Pad 1 [/BQ_EN2] of R128 on B.Cu
[unconnected_items]: Missing connection between items
    Local override; error
    @(80.2625 mm, 37.2500 mm): Track [/FG_ALERT_N] on B.Cu, length 2.0000 mm
    @(66.8625 mm, 31.9750 mm): Pad 8 [/FG_ALERT_N] of U9 on B.Cu
[unconnected_items]: Missing connection between items
    Local override; error
    @(62.9125 mm, 57.8000 mm): Pad 1 [/SD_DAT2] of R514 on B.Cu
    @(104.5500 mm, 42.1050 mm): Pad 1 [/SD_DAT2] of J2 on B.Cu
[unconnected_items]: Missing connection between items
    Local override; error
    @(66.8625 mm, 30.0250 mm): Pad 5 [/CHARGER_CHG_N] of U9 on B.Cu
    @(74.1375 mm, 49.7950 mm): Pad 1 [/CHARGER_CHG_N] of R110 on B.Cu
[unconnected_items]: Missing connection between items
    Local override; error
    @(74.1375 mm, 49.7950 mm): Pad 1 [/CHARGER_CHG_N] of R110 on B.Cu
    @(89.4500 mm, 49.0625 mm): Pad 9 [/CHARGER_CHG_N] of U5 on B.Cu
[unconnected_items]: Missing connection between items
    Local override; error
    @(78.6375 mm, 40.2950 mm): Pad 1 [/CHARGER_PGOOD_N] of R109 on B.Cu
    @(66.8625 mm, 30.6750 mm): Pad 6 [/CHARGER_PGOOD_N] of U9 on B.Cu
[unconnected_items]: Missing connection between items
    Local override; error
    @(88.7625 mm, 50.2500 mm): Pad 7 [/CHARGER_PGOOD_N] of U5 on B.Cu
    @(78.6375 mm, 40.2950 mm): Pad 1 [/CHARGER_PGOOD_N] of R109 on B.Cu
[unconnected_items]: Missing connection between items
    Local override; error
    @(66.8625 mm, 32.6250 mm): Pad 9 [/BMI_INT1] of U9 on B.Cu
    @(73.2625 mm, 36.7500 mm): Pad 4 [/BMI_INT1] of U10 on B.Cu
[unconnected_items]: Missing connection between items
    Local override; error
    @(66.8625 mm, 33.2750 mm): Pad 10 [/BMI_INT2] of U9 on B.Cu
    @(70.7375 mm, 36.2500 mm): Pad 9 [/BMI_INT2] of U10 on B.Cu
[unconnected_items]: Missing connection between items
    Local override; error
    @(45.2250 mm, 21.8200 mm): Pad 1 [/EX6_INT] of R728 on B.Cu
    @(61.1375 mm, 30.6750 mm): Pad 19 [/EX6_INT] of U9 on B.Cu
[unconnected_items]: Missing connection between items
    Local override; error
    @(41.5250 mm, 21.8200 mm): Pad 1 [/EX7_INT] of R729 on B.Cu
    @(61.1375 mm, 30.0250 mm): Pad 20 [/EX7_INT] of U9 on B.Cu
[unconnected_items]: Missing connection between items
    Local override; error
    @(80.2473 mm, 49.8460 mm): Pad 1 [/BAT_FET_MID] of TP103 on B.Cu
    @(94.8150 mm, 71.8000 mm): Track [/BAT_FET_MID] on B.Cu, length 3.7800 mm
[unconnected_items]: Missing connection between items
    Local override; error
    @(75.1375 mm, 38.7950 mm): Pad 1 [/CHG_TS_FIXED] of R108 on B.Cu
    @(84.3450 mm, 58.7950 mm): Pad 2 [/CHG_TS_FIXED] of SJ1 on B.Cu
[unconnected_items]: Missing connection between items
    Local override; error
    @(86.1125 mm, 56.2000 mm): Pad 1 [/CHG_ITERM] of R112 on B.Cu
    @(91.6375 mm, 50.7500 mm): Pad 15 [/CHG_ITERM] of U5 on B.Cu
[unconnected_items]: Missing connection between items
    Local override; error
    @(89.4500 mm, 51.9375 mm): Pad 4 [/CHG_DISABLE] of U5 on B.Cu
    @(74.9950 mm, 35.4375 mm): Pad 1 [/CHG_DISABLE] of R126 on B.Cu
[unconnected_items]: Missing connection between items
    Local override; error
    @(91.6375 mm, 50.2500 mm): Pad 14 [/CHG_TMR] of U5 on B.Cu
    @(93.5125 mm, 57.2000 mm): Pad 1 [/CHG_TMR] of R114 on B.Cu

** Found 0 Footprint errors **

** Ignored checks **
    - Footprint has no courtyard defined
    - Track endpoint not centered on via
    - Tuning profile track geometries
    - Footprint doesn't match symbol's footprint filters
    - Footprint component type doesn't match footprint pads

** End of Report **
